
Allocating common symbols
Common symbol       size              file

ricevuto            0x1               ..\obj\main.o

Discarded input sections

 .text          0x00000000        0x0 ..\obj\semihosting.o
 .data          0x00000000        0x0 ..\obj\semihosting.o
 .text.SH_SendString
                0x00000000       0x20 ..\obj\semihosting.o
 .text.SH_GetChar
                0x00000000       0x40 ..\obj\semihosting.o
 .text          0x00000000        0x0 ..\obj\stm32f30x_rcc.o
 .data          0x00000000       0x2a ..\obj\stm32f30x_rcc.o
 .bss           0x00000000        0x0 ..\obj\stm32f30x_rcc.o
 .text.RCC_DeInit
                0x00000000       0x7c ..\obj\stm32f30x_rcc.o
 .text.RCC_HSEConfig
                0x00000000       0x24 ..\obj\stm32f30x_rcc.o
 .text.RCC_WaitForHSEStartUp
                0x00000000       0x50 ..\obj\stm32f30x_rcc.o
 .text.RCC_AdjustHSICalibrationValue
                0x00000000       0x3c ..\obj\stm32f30x_rcc.o
 .text.RCC_HSICmd
                0x00000000       0x20 ..\obj\stm32f30x_rcc.o
 .text.RCC_LSEConfig
                0x00000000       0x3c ..\obj\stm32f30x_rcc.o
 .text.RCC_LSEDriveConfig
                0x00000000       0x30 ..\obj\stm32f30x_rcc.o
 .text.RCC_LSICmd
                0x00000000       0x20 ..\obj\stm32f30x_rcc.o
 .text.RCC_PLLConfig
                0x00000000       0x34 ..\obj\stm32f30x_rcc.o
 .text.RCC_PLLCmd
                0x00000000       0x20 ..\obj\stm32f30x_rcc.o
 .text.RCC_PREDIV1Config
                0x00000000       0x38 ..\obj\stm32f30x_rcc.o
 .text.RCC_ClockSecuritySystemCmd
                0x00000000       0x20 ..\obj\stm32f30x_rcc.o
 .text.RCC_MCOConfig
                0x00000000       0x20 ..\obj\stm32f30x_rcc.o
 .text.RCC_SYSCLKConfig
                0x00000000       0x38 ..\obj\stm32f30x_rcc.o
 .text.RCC_GetSYSCLKSource
                0x00000000       0x1c ..\obj\stm32f30x_rcc.o
 .text.RCC_HCLKConfig
                0x00000000       0x38 ..\obj\stm32f30x_rcc.o
 .text.RCC_PCLK1Config
                0x00000000       0x38 ..\obj\stm32f30x_rcc.o
 .text.RCC_PCLK2Config
                0x00000000       0x38 ..\obj\stm32f30x_rcc.o
 .text.RCC_GetClocksFreq
                0x00000000      0x414 ..\obj\stm32f30x_rcc.o
 .text.RCC_ADCCLKConfig
                0x00000000       0x4c ..\obj\stm32f30x_rcc.o
 .text.RCC_I2CCLKConfig
                0x00000000       0x4c ..\obj\stm32f30x_rcc.o
 .text.RCC_TIMCLKConfig
                0x00000000       0x4c ..\obj\stm32f30x_rcc.o
 .text.RCC_USARTCLKConfig
                0x00000000       0x98 ..\obj\stm32f30x_rcc.o
 .text.RCC_USBCLKConfig
                0x00000000       0x1c ..\obj\stm32f30x_rcc.o
 .text.RCC_RTCCLKConfig
                0x00000000       0x24 ..\obj\stm32f30x_rcc.o
 .text.RCC_I2SCLKConfig
                0x00000000       0x1c ..\obj\stm32f30x_rcc.o
 .text.RCC_RTCCLKCmd
                0x00000000       0x20 ..\obj\stm32f30x_rcc.o
 .text.RCC_BackupResetCmd
                0x00000000       0x20 ..\obj\stm32f30x_rcc.o
 .text.RCC_AHBPeriphClockCmd
                0x00000000       0x3c ..\obj\stm32f30x_rcc.o
 .text.RCC_APB2PeriphClockCmd
                0x00000000       0x3c ..\obj\stm32f30x_rcc.o
 .text.RCC_APB1PeriphClockCmd
                0x00000000       0x3c ..\obj\stm32f30x_rcc.o
 .text.RCC_AHBPeriphResetCmd
                0x00000000       0x3c ..\obj\stm32f30x_rcc.o
 .text.RCC_APB2PeriphResetCmd
                0x00000000       0x3c ..\obj\stm32f30x_rcc.o
 .text.RCC_APB1PeriphResetCmd
                0x00000000       0x3c ..\obj\stm32f30x_rcc.o
 .text.RCC_ITConfig
                0x00000000       0x4c ..\obj\stm32f30x_rcc.o
 .text.RCC_GetFlagStatus
                0x00000000       0x80 ..\obj\stm32f30x_rcc.o
 .text.RCC_ClearFlag
                0x00000000       0x1c ..\obj\stm32f30x_rcc.o
 .text.RCC_GetITStatus
                0x00000000       0x34 ..\obj\stm32f30x_rcc.o
 .text.RCC_ClearITPendingBit
                0x00000000       0x20 ..\obj\stm32f30x_rcc.o
 .debug_info    0x00000000      0xacc ..\obj\stm32f30x_rcc.o
 .debug_abbrev  0x00000000      0x1e5 ..\obj\stm32f30x_rcc.o
 .debug_aranges
                0x00000000      0x150 ..\obj\stm32f30x_rcc.o
 .debug_ranges  0x00000000      0x140 ..\obj\stm32f30x_rcc.o
 .debug_line    0x00000000      0x570 ..\obj\stm32f30x_rcc.o
 .debug_str     0x00000000      0x7fb ..\obj\stm32f30x_rcc.o
 .comment       0x00000000       0x6f ..\obj\stm32f30x_rcc.o
 .debug_frame   0x00000000      0x60c ..\obj\stm32f30x_rcc.o
 .ARM.attributes
                0x00000000       0x33 ..\obj\stm32f30x_rcc.o
 .text          0x00000000        0x0 ..\obj\stm32f30x_gpio.o
 .data          0x00000000        0x0 ..\obj\stm32f30x_gpio.o
 .bss           0x00000000        0x0 ..\obj\stm32f30x_gpio.o
 .text.GPIO_DeInit
                0x00000000       0xd8 ..\obj\stm32f30x_gpio.o
 .text.GPIO_Init
                0x00000000      0x128 ..\obj\stm32f30x_gpio.o
 .text.GPIO_StructInit
                0x00000000       0x34 ..\obj\stm32f30x_gpio.o
 .text.GPIO_PinLockConfig
                0x00000000       0x44 ..\obj\stm32f30x_gpio.o
 .text.GPIO_ReadInputDataBit
                0x00000000       0x38 ..\obj\stm32f30x_gpio.o
 .text.GPIO_ReadInputData
                0x00000000       0x18 ..\obj\stm32f30x_gpio.o
 .text.GPIO_ReadOutputDataBit
                0x00000000       0x38 ..\obj\stm32f30x_gpio.o
 .text.GPIO_ReadOutputData
                0x00000000       0x18 ..\obj\stm32f30x_gpio.o
 .text.GPIO_SetBits
                0x00000000       0x1c ..\obj\stm32f30x_gpio.o
 .text.GPIO_ResetBits
                0x00000000       0x1c ..\obj\stm32f30x_gpio.o
 .text.GPIO_WriteBit
                0x00000000       0x30 ..\obj\stm32f30x_gpio.o
 .text.GPIO_Write
                0x00000000       0x1c ..\obj\stm32f30x_gpio.o
 .text.GPIO_PinAFConfig
                0x00000000       0x90 ..\obj\stm32f30x_gpio.o
 .debug_info    0x00000000      0x612 ..\obj\stm32f30x_gpio.o
 .debug_abbrev  0x00000000      0x198 ..\obj\stm32f30x_gpio.o
 .debug_aranges
                0x00000000       0x80 ..\obj\stm32f30x_gpio.o
 .debug_ranges  0x00000000       0x70 ..\obj\stm32f30x_gpio.o
 .debug_line    0x00000000      0x30a ..\obj\stm32f30x_gpio.o
 .debug_str     0x00000000      0x4a6 ..\obj\stm32f30x_gpio.o
 .comment       0x00000000       0x6f ..\obj\stm32f30x_gpio.o
 .debug_frame   0x00000000      0x214 ..\obj\stm32f30x_gpio.o
 .ARM.attributes
                0x00000000       0x33 ..\obj\stm32f30x_gpio.o
 .text          0x00000000        0x0 ..\obj\main.o
 .data          0x00000000        0x0 ..\obj\main.o
 .bss           0x00000000        0x0 ..\obj\main.o
 .text          0x00000000        0x0 ..\obj\printf.o
 .bss           0x00000000        0x0 ..\obj\printf.o
 .text.snprintf
                0x00000000       0x30 ..\obj\printf.o
 .text.fprintf  0x00000000       0x2c ..\obj\printf.o
 .text.sprintf  0x00000000       0x2c ..\obj\printf.o
 .text.puts     0x00000000       0x24 ..\obj\printf.o
 .text          0x00000000        0x0 ..\obj\stm32f30x_spi.o
 .data          0x00000000        0x0 ..\obj\stm32f30x_spi.o
 .bss           0x00000000        0x0 ..\obj\stm32f30x_spi.o
 .text.SPI_I2S_DeInit
                0x00000000       0x74 ..\obj\stm32f30x_spi.o
 .text.SPI_StructInit
                0x00000000       0x4c ..\obj\stm32f30x_spi.o
 .text.SPI_Init
                0x00000000      0x114 ..\obj\stm32f30x_spi.o
 .text.I2S_StructInit
                0x00000000       0x38 ..\obj\stm32f30x_spi.o
 .text.I2S_Init
                0x00000000      0x17c ..\obj\stm32f30x_spi.o
 .text.SPI_Cmd  0x00000000       0x40 ..\obj\stm32f30x_spi.o
 .text.SPI_TIModeCmd
                0x00000000       0x40 ..\obj\stm32f30x_spi.o
 .text.I2S_Cmd  0x00000000       0x40 ..\obj\stm32f30x_spi.o
 .text.SPI_DataSizeConfig
                0x00000000       0x38 ..\obj\stm32f30x_spi.o
 .text.SPI_RxFIFOThresholdConfig
                0x00000000       0x38 ..\obj\stm32f30x_spi.o
 .text.SPI_BiDirectionalLineConfig
                0x00000000       0x40 ..\obj\stm32f30x_spi.o
 .text.SPI_NSSInternalSoftwareConfig
                0x00000000       0x44 ..\obj\stm32f30x_spi.o
 .text.I2S_FullDuplexConfig
                0x00000000       0x9c ..\obj\stm32f30x_spi.o
 .text.SPI_SSOutputCmd
                0x00000000       0x40 ..\obj\stm32f30x_spi.o
 .text.SPI_NSSPulseModeCmd
                0x00000000       0x40 ..\obj\stm32f30x_spi.o
 .text.SPI_SendData8
                0x00000000       0x2c ..\obj\stm32f30x_spi.o
 .text.SPI_I2S_SendData16
                0x00000000       0x1c ..\obj\stm32f30x_spi.o
 .text.SPI_ReceiveData8
                0x00000000       0x28 ..\obj\stm32f30x_spi.o
 .text.SPI_I2S_ReceiveData16
                0x00000000       0x18 ..\obj\stm32f30x_spi.o
 .text.SPI_CRCLengthConfig
                0x00000000       0x38 ..\obj\stm32f30x_spi.o
 .text.SPI_CalculateCRC
                0x00000000       0x40 ..\obj\stm32f30x_spi.o
 .text.SPI_TransmitCRC
                0x00000000       0x24 ..\obj\stm32f30x_spi.o
 .text.SPI_GetCRC
                0x00000000       0x30 ..\obj\stm32f30x_spi.o
 .text.SPI_GetCRCPolynomial
                0x00000000       0x18 ..\obj\stm32f30x_spi.o
 .text.SPI_I2S_DMACmd
                0x00000000       0x48 ..\obj\stm32f30x_spi.o
 .text.SPI_LastDMATransferCmd
                0x00000000       0x38 ..\obj\stm32f30x_spi.o
 .text.SPI_I2S_ITConfig
                0x00000000       0x60 ..\obj\stm32f30x_spi.o
 .text.SPI_GetTransmissionFIFOStatus
                0x00000000       0x20 ..\obj\stm32f30x_spi.o
 .text.SPI_GetReceptionFIFOStatus
                0x00000000       0x20 ..\obj\stm32f30x_spi.o
 .text.SPI_I2S_GetFlagStatus
                0x00000000       0x38 ..\obj\stm32f30x_spi.o
 .text.SPI_I2S_ClearFlag
                0x00000000       0x20 ..\obj\stm32f30x_spi.o
 .text.SPI_I2S_GetITStatus
                0x00000000       0x74 ..\obj\stm32f30x_spi.o
 .debug_info    0x00000000      0xb7a ..\obj\stm32f30x_spi.o
 .debug_abbrev  0x00000000      0x18b ..\obj\stm32f30x_spi.o
 .debug_aranges
                0x00000000      0x118 ..\obj\stm32f30x_spi.o
 .debug_ranges  0x00000000      0x108 ..\obj\stm32f30x_spi.o
 .debug_line    0x00000000      0x4d4 ..\obj\stm32f30x_spi.o
 .debug_str     0x00000000      0x7ce ..\obj\stm32f30x_spi.o
 .comment       0x00000000       0x6f ..\obj\stm32f30x_spi.o
 .debug_frame   0x00000000      0x508 ..\obj\stm32f30x_spi.o
 .ARM.attributes
                0x00000000       0x33 ..\obj\stm32f30x_spi.o
 .text          0x00000000        0x0 ..\obj\system_stm32f30x_temp.o
 .data          0x00000000       0x14 ..\obj\system_stm32f30x_temp.o
 .bss           0x00000000        0x0 ..\obj\system_stm32f30x_temp.o
 .text.SystemCoreClockUpdate1
                0x00000000       0xd4 ..\obj\system_stm32f30x_temp.o
 .data          0x00000000        0x0 ..\obj\sh_cmd.o
 .bss           0x00000000        0x0 ..\obj\sh_cmd.o
 .text          0x00000000        0x0 ..\obj\syscalls.o
 .data          0x00000000        0x0 ..\obj\syscalls.o
 .bss           0x00000000        0x4 ..\obj\syscalls.o
 .text._sbrk    0x00000000       0x3c ..\obj\syscalls.o
 .text.link     0x00000000       0x18 ..\obj\syscalls.o
 .text._close   0x00000000       0x18 ..\obj\syscalls.o
 .text._fstat   0x00000000       0x20 ..\obj\syscalls.o
 .text._isatty  0x00000000       0x14 ..\obj\syscalls.o
 .text._lseek   0x00000000       0x18 ..\obj\syscalls.o
 .text._read    0x00000000       0x18 ..\obj\syscalls.o
 .text._write   0x00000000       0x18 ..\obj\syscalls.o
 .text.abort    0x00000000        0x8 ..\obj\syscalls.o
 .debug_info    0x00000000      0x458 ..\obj\syscalls.o
 .debug_abbrev  0x00000000       0xe5 ..\obj\syscalls.o
 .debug_aranges
                0x00000000       0x60 ..\obj\syscalls.o
 .debug_ranges  0x00000000       0x50 ..\obj\syscalls.o
 .debug_line    0x00000000      0x1ae ..\obj\syscalls.o
 .debug_str     0x00000000      0x333 ..\obj\syscalls.o
 .comment       0x00000000       0x6f ..\obj\syscalls.o
 .debug_frame   0x00000000      0x168 ..\obj\syscalls.o
 .ARM.attributes
                0x00000000       0x33 ..\obj\syscalls.o
 .text          0x00000000       0x14 ..\obj\startup_stm32f30x.o
 .data          0x00000000        0x0 ..\obj\startup_stm32f30x.o
 .bss           0x00000000        0x0 ..\obj\startup_stm32f30x.o

Memory Configuration

Name             Origin             Length             Attributes
rom              0x08000000         0x00040000         xr
ram              0x20000000         0x0000a000         xrw
ram1             0x10000000         0x00002000         xrw
*default*        0x00000000         0xffffffff

Linker script and memory map

                0x2000a000                _eram = 0x2000a000

.text           0x08000000      0xc20
 *(.isr_vector)
 .isr_vector    0x08000000      0x188 ..\obj\startup_stm32f30x.o
                0x08000000                g_pfnVectors
 *(.text*)
 .text.SH_SendChar
                0x08000188       0x64 ..\obj\semihosting.o
                0x08000188                SH_SendChar
 .text.main     0x080001ec      0x110 ..\obj\main.o
                0x080001ec                main
 .text.SPI_SendData
                0x080002fc       0x54 ..\obj\main.o
                0x080002fc                SPI_SendData
 .text.PrintChar
                0x08000350       0x1c ..\obj\printf.o
                0x08000350                PrintChar
 .text.PutChar  0x0800036c       0x20 ..\obj\printf.o
                0x0800036c                PutChar
 .text.PutString
                0x0800038c       0x3c ..\obj\printf.o
                0x0800038c                PutString
 .text.PutUnsignedInt
                0x080003c8       0x9c ..\obj\printf.o
                0x080003c8                PutUnsignedInt
 .text.PutSignedInt
                0x08000464       0xf8 ..\obj\printf.o
                0x08000464                PutSignedInt
 .text.PutHexa  0x0800055c       0xd4 ..\obj\printf.o
                0x0800055c                PutHexa
 .text.vsnprintf
                0x08000630      0x254 ..\obj\printf.o
                0x08000630                vsnprintf
 .text.vsprintf
                0x08000884       0x24 ..\obj\printf.o
                0x08000884                vsprintf
 .text.vfprintf
                0x080008a8       0x68 ..\obj\printf.o
                0x080008a8                vfprintf
 .text.vprintf  0x08000910       0x28 ..\obj\printf.o
                0x08000910                vprintf
 .text.printf   0x08000938       0x28 ..\obj\printf.o
                0x08000938                printf
 .text.fputc    0x08000960       0x40 ..\obj\printf.o
                0x08000960                fputc
 .text.fputs    0x080009a0       0x48 ..\obj\printf.o
                0x080009a0                fputs
 .text.SystemInit1
                0x080009e8       0x84 ..\obj\system_stm32f30x_temp.o
                0x080009e8                SystemInit
                0x080009e8                SystemInit1
 .text.SetSysClock1
                0x08000a6c       0xe0 ..\obj\system_stm32f30x_temp.o
                0x08000a6c                SetSysClock
 .text          0x08000b4c       0x26 ..\obj\sh_cmd.o
                0x08000b4c                SH_DoCommand
                0x08000b5e                HardFault_Handler
 *fill*         0x08000b72        0x2 
 .text.Reset_Handler
                0x08000b74       0x44 ..\obj\startup_stm32f30x.o
                0x08000b74                Reset_Handler
 .text.Default_Handler
                0x08000bb8        0x2 ..\obj\startup_stm32f30x.o
                0x08000bb8                RTC_Alarm_IRQHandler
                0x08000bb8                TIM8_TRG_COM_IRQHandler
                0x08000bb8                TIM8_CC_IRQHandler
                0x08000bb8                DebugMon_Handler
                0x08000bb8                TIM1_CC_IRQHandler
                0x08000bb8                USB_HP_IRQHandler
                0x08000bb8                SysTick_Handler
                0x08000bb8                PVD_IRQHandler
                0x08000bb8                PendSV_Handler
                0x08000bb8                NMI_Handler
                0x08000bb8                EXTI3_IRQHandler
                0x08000bb8                EXTI0_IRQHandler
                0x08000bb8                I2C2_EV_IRQHandler
                0x08000bb8                FPU_IRQHandler
                0x08000bb8                EXTI2_TS_IRQHandler
                0x08000bb8                TIM1_UP_TIM16_IRQHandler
                0x08000bb8                UsageFault_Handler
                0x08000bb8                ADC1_2_IRQHandler
                0x08000bb8                SPI1_IRQHandler
                0x08000bb8                TIM6_DAC_IRQHandler
                0x08000bb8                TIM8_UP_IRQHandler
                0x08000bb8                DMA2_Channel2_IRQHandler
                0x08000bb8                DMA1_Channel4_IRQHandler
                0x08000bb8                USART3_IRQHandler
                0x08000bb8                DMA1_Channel7_IRQHandler
                0x08000bb8                CAN1_RX1_IRQHandler
                0x08000bb8                UART5_IRQHandler
                0x08000bb8                ADC3_IRQHandler
                0x08000bb8                TIM4_IRQHandler
                0x08000bb8                DMA2_Channel1_IRQHandler
                0x08000bb8                I2C1_EV_IRQHandler
                0x08000bb8                DMA1_Channel6_IRQHandler
                0x08000bb8                UART4_IRQHandler
                0x08000bb8                DMA2_Channel4_IRQHandler
                0x08000bb8                TIM3_IRQHandler
                0x08000bb8                RCC_IRQHandler
                0x08000bb8                DMA1_Channel1_IRQHandler
                0x08000bb8                Default_Handler
                0x08000bb8                USBWakeUp_RMP_IRQHandler
                0x08000bb8                EXTI15_10_IRQHandler
                0x08000bb8                TIM7_IRQHandler
                0x08000bb8                EXTI9_5_IRQHandler
                0x08000bb8                TAMPER_STAMP_IRQHandler
                0x08000bb8                RTC_WKUP_IRQHandler
                0x08000bb8                SPI2_IRQHandler
                0x08000bb8                MemManage_Handler
                0x08000bb8                SVC_Handler
                0x08000bb8                DMA2_Channel5_IRQHandler
                0x08000bb8                DMA1_Channel5_IRQHandler
                0x08000bb8                USB_LP_IRQHandler
                0x08000bb8                EXTI4_IRQHandler
                0x08000bb8                USB_LP_CAN1_RX0_IRQHandler
                0x08000bb8                TIM1_TRG_COM_TIM17_IRQHandler
                0x08000bb8                USB_HP_CAN1_TX_IRQHandler
                0x08000bb8                DMA1_Channel3_IRQHandler
                0x08000bb8                ADC4_IRQHandler
                0x08000bb8                WWDG_IRQHandler
                0x08000bb8                TIM2_IRQHandler
                0x08000bb8                COMP7_IRQHandler
                0x08000bb8                COMP1_2_3_IRQHandler
                0x08000bb8                EXTI1_IRQHandler
                0x08000bb8                USART2_IRQHandler
                0x08000bb8                COMP4_5_6_IRQHandler
                0x08000bb8                I2C2_ER_IRQHandler
                0x08000bb8                DMA1_Channel2_IRQHandler
                0x08000bb8                TIM8_BRK_IRQHandler
                0x08000bb8                CAN1_SCE_IRQHandler
                0x08000bb8                FLASH_IRQHandler
                0x08000bb8                BusFault_Handler
                0x08000bb8                USART1_IRQHandler
                0x08000bb8                SPI3_IRQHandler
                0x08000bb8                I2C1_ER_IRQHandler
                0x08000bb8                USBWakeUp_IRQHandler
                0x08000bb8                DMA2_Channel3_IRQHandler
                0x08000bb8                TIM1_BRK_TIM15_IRQHandler
 *(.init)
 *(.fini)
 *crtbegin.o(.ctors)
 *crtbegin?.o(.ctors)
 *(EXCLUDE_FILE(*crtend.o *crtend?.o) .ctors)
 *(SORT(.ctors.*))
 *(.ctors)
 *crtbegin.o(.dtors)
 *crtbegin?.o(.dtors)
 *(EXCLUDE_FILE(*crtend.o *crtend?.o) .dtors)
 *(SORT(.dtors.*))
 *(.dtors)
 *(.rodata*)
 *fill*         0x08000bba        0x2 
 .rodata        0x08000bbc       0x3d ..\obj\main.o
 *fill*         0x08000bf9        0x3 
 .rodata        0x08000bfc       0x24 ..\obj\printf.o
 *(.eh_fram e*)

.glue_7         0x08000c20        0x0
 .glue_7        0x08000c20        0x0 linker stubs

.glue_7t        0x08000c20        0x0
 .glue_7t       0x08000c20        0x0 linker stubs

.vfp11_veneer   0x08000c20        0x0
 .vfp11_veneer  0x08000c20        0x0 linker stubs

.v4_bx          0x08000c20        0x0
 .v4_bx         0x08000c20        0x0 linker stubs

.iplt           0x08000c20        0x0
 .iplt          0x08000c20        0x0 ..\obj\semihosting.o

.rel.dyn        0x08000c20        0x0
 .rel.iplt      0x08000c20        0x0 ..\obj\semihosting.o

.ARM.extab
 *(.ARM.extab* .gnu.linkonce.armextab.*)
                0x08000c20                __exidx_start = .

.ARM.exidx
 *(.ARM.exidx* .gnu.linkonce.armexidx.*)
                0x08000c20                __exidx_end = .
                0x08000c20                __etext = .
                0x08000c20                _sidata = __etext

.data           0x20000000      0x42c load address 0x08000c20
                0x20000000                __data_start__ = .
                0x20000000                _sdata = __data_start__
 *(vtable)
 *(.data*)
 .data          0x20000000      0x42c ..\obj\printf.o
                0x20000000                r
                0x20000428                _impure_ptr
                0x2000042c                . = ALIGN (0x4)
                [!provide]                PROVIDE (__preinit_array_start, .)
 *(.preinit_array)
                [!provide]                PROVIDE (__preinit_array_end, .)
                0x2000042c                . = ALIGN (0x4)
                [!provide]                PROVIDE (__init_array_start, .)
 *(SORT(.init_array.*))
 *(.init_array)
                [!provide]                PROVIDE (__init_array_end, .)
                0x2000042c                . = ALIGN (0x4)
                [!provide]                PROVIDE (__fini_array_start, .)
 *(SORT(.fini_array.*))
 *(.fini_array)
                [!provide]                PROVIDE (__fini_array_end, .)
 *(.jcr*)
                0x2000042c                . = ALIGN (0x4)
                0x2000042c                __data_end__ = .
                0x2000042c                _edata = __data_end__

.igot.plt       0x2000042c        0x0 load address 0x0800104c
 .igot.plt      0x2000042c        0x0 ..\obj\semihosting.o

.bss            0x2000042c       0x14 load address 0x0800104c
                0x2000042c                . = ALIGN (0x4)
                0x2000042c                __bss_start__ = .
                0x2000042c                _sbss = __bss_start__
 *(.bss*)
 .bss           0x2000042c       0x11 ..\obj\semihosting.o
 *(COMMON)
 COMMON         0x2000043d        0x1 ..\obj\main.o
                0x2000043d                ricevuto
                0x20000440                . = ALIGN (0x4)
 *fill*         0x2000043e        0x2 
                0x20000440                __bss_end__ = .
                0x20000440                _ebss = __bss_end__

.heap           0x20000440        0x0
                0x20000440                __end__ = .
                0x20000440                _end = __end__
                0x20000440                end = __end__
 *(.heap*)
                0x20000440                __HeapLimit = .

.co_stack       0x20000440        0x0
                0x20000440                . = ALIGN (0x8)
 *(.co_stack .co_stack.*)
                0x2000a000                __StackTop = (ORIGIN (ram) + LENGTH (ram))
                0x2000a000                __StackLimit = (__StackTop - SIZEOF (.co_stack))
                [!provide]                PROVIDE (__stack, __StackTop)
                0x00000001                ASSERT ((__StackLimit >= __HeapLimit), region ram  overflowed with stack)
LOAD ..\obj\semihosting.o
LOAD ..\obj\stm32f30x_rcc.o
LOAD ..\obj\stm32f30x_gpio.o
LOAD ..\obj\main.o
LOAD ..\obj\printf.o
LOAD ..\obj\stm32f30x_spi.o
LOAD ..\obj\system_stm32f30x_temp.o
LOAD ..\obj\sh_cmd.o
LOAD ..\obj\syscalls.o
LOAD ..\obj\startup_stm32f30x.o
LOAD c:/gcc-arm-none-eabi-4.8/bin/../lib/gcc/arm-none-eabi/5.4.1/../../../../arm-none-eabi/lib/armv7e-m\libm.a
LOAD c:/gcc-arm-none-eabi-4.8/bin/../lib/gcc/arm-none-eabi/5.4.1/armv7e-m\libgcc.a
LOAD c:/gcc-arm-none-eabi-4.8/bin/../lib/gcc/arm-none-eabi/5.4.1/../../../../arm-none-eabi/lib/armv7e-m\libc.a
START GROUP
LOAD c:/gcc-arm-none-eabi-4.8/bin/../lib/gcc/arm-none-eabi/5.4.1/armv7e-m\libgcc.a
LOAD c:/gcc-arm-none-eabi-4.8/bin/../lib/gcc/arm-none-eabi/5.4.1/../../../../arm-none-eabi/lib/armv7e-m\libg.a
LOAD c:/gcc-arm-none-eabi-4.8/bin/../lib/gcc/arm-none-eabi/5.4.1/../../../../arm-none-eabi/lib/armv7e-m\libc.a
END GROUP
OUTPUT(L3GD20_SPI.elf elf32-littlearm)

.debug_info     0x00000000     0x197b
 .debug_info    0x00000000      0x136 ..\obj\semihosting.o
 .debug_info    0x00000136      0x3ed ..\obj\main.o
 .debug_info    0x00000523      0xe57 ..\obj\printf.o
 .debug_info    0x0000137a      0x4bb ..\obj\system_stm32f30x_temp.o
 .debug_info    0x00001835       0x9c ..\obj\sh_cmd.o
 .debug_info    0x000018d1       0xaa ..\obj\startup_stm32f30x.o

.debug_abbrev   0x00000000      0x5b0
 .debug_abbrev  0x00000000       0xad ..\obj\semihosting.o
 .debug_abbrev  0x000000ad       0xfe ..\obj\main.o
 .debug_abbrev  0x000001ab      0x298 ..\obj\printf.o
 .debug_abbrev  0x00000443      0x147 ..\obj\system_stm32f30x_temp.o
 .debug_abbrev  0x0000058a       0x14 ..\obj\sh_cmd.o
 .debug_abbrev  0x0000059e       0x12 ..\obj\startup_stm32f30x.o

.debug_aranges  0x00000000      0x170
 .debug_aranges
                0x00000000       0x30 ..\obj\semihosting.o
 .debug_aranges
                0x00000030       0x28 ..\obj\main.o
 .debug_aranges
                0x00000058       0xa0 ..\obj\printf.o
 .debug_aranges
                0x000000f8       0x30 ..\obj\system_stm32f30x_temp.o
 .debug_aranges
                0x00000128       0x20 ..\obj\sh_cmd.o
 .debug_aranges
                0x00000148       0x28 ..\obj\startup_stm32f30x.o

.debug_ranges   0x00000000      0x108
 .debug_ranges  0x00000000       0x20 ..\obj\semihosting.o
 .debug_ranges  0x00000020       0x18 ..\obj\main.o
 .debug_ranges  0x00000038       0x90 ..\obj\printf.o
 .debug_ranges  0x000000c8       0x20 ..\obj\system_stm32f30x_temp.o
 .debug_ranges  0x000000e8       0x20 ..\obj\startup_stm32f30x.o

.debug_line     0x00000000      0x839
 .debug_line    0x00000000       0xab ..\obj\semihosting.o
 .debug_line    0x000000ab      0x196 ..\obj\main.o
 .debug_line    0x00000241      0x314 ..\obj\printf.o
 .debug_line    0x00000555      0x1c1 ..\obj\system_stm32f30x_temp.o
 .debug_line    0x00000716       0x7c ..\obj\sh_cmd.o
 .debug_line    0x00000792       0xa7 ..\obj\startup_stm32f30x.o

.debug_str      0x00000000      0x944
 .debug_str     0x00000000      0x194 ..\obj\semihosting.o
                                0x1cd (size before relaxing)
 .debug_str     0x00000194      0x194 ..\obj\main.o
                                0x30f (size before relaxing)
 .debug_str     0x00000328      0x4cf ..\obj\printf.o
                                0x680 (size before relaxing)
 .debug_str     0x000007f7      0x14d ..\obj\system_stm32f30x_temp.o
                                0x311 (size before relaxing)

.comment        0x00000000       0x6e
 .comment       0x00000000       0x6e ..\obj\semihosting.o
                                 0x6f (size before relaxing)
 .comment       0x0000006e       0x6f ..\obj\main.o
 .comment       0x0000006e       0x6f ..\obj\printf.o
 .comment       0x0000006e       0x6f ..\obj\system_stm32f30x_temp.o

.ARM.attributes
                0x00000000       0x31
 .ARM.attributes
                0x00000000       0x33 ..\obj\semihosting.o
 .ARM.attributes
                0x00000033       0x33 ..\obj\main.o
 .ARM.attributes
                0x00000066       0x33 ..\obj\printf.o
 .ARM.attributes
                0x00000099       0x33 ..\obj\system_stm32f30x_temp.o
 .ARM.attributes
                0x000000cc       0x21 ..\obj\sh_cmd.o
 .ARM.attributes
                0x000000ed       0x21 ..\obj\startup_stm32f30x.o

.debug_frame    0x00000000      0x424
 .debug_frame   0x00000000       0x7c ..\obj\semihosting.o
 .debug_frame   0x0000007c       0x54 ..\obj\main.o
 .debug_frame   0x000000d0      0x2d8 ..\obj\printf.o
 .debug_frame   0x000003a8       0x7c ..\obj\system_stm32f30x_temp.o
